should have the correct ServiceMonitor defined:
  1: |
    apiVersion: monitoring.coreos.com/v1
    kind: ServiceMonitor
    metadata:
      labels:
        app.kubernetes.io/component: main
        app.kubernetes.io/instance: frigate-exporter-testing
        app.kubernetes.io/managed-by: Helm
        app.kubernetes.io/name: name-override-test
        helm.sh/chart: frigate-exporter-2.0.0
        release: prometheus
      name: frigate-exporter-testing-name-override-test-main
      namespace: namespace-override-test
    spec:
      endpoints:
        - port: main
      selector:
        matchLabels:
          app.kubernetes.io/component: main
          app.kubernetes.io/instance: frigate-exporter-testing
          app.kubernetes.io/name: name-override-test
