should match Deployment with correct args:
  1: |
    apiVersion: apps/v1
    kind: Deployment
    metadata:
      labels:
        app.kubernetes.io/instance: RELEASE-NAME
        app.kubernetes.io/managed-by: Helm
        app.kubernetes.io/name: name-override-test
        helm.sh/chart: graphite-exporter-1.0.0
      name: RELEASE-NAME-name-override-test
      namespace: RELEASE-NAME-namespace-override-test
    spec:
      replicas: 1
      revisionHistoryLimit: 3
      selector:
        matchLabels:
          app.kubernetes.io/instance: RELEASE-NAME
          app.kubernetes.io/name: name-override-test
      strategy:
        type: Recreate
      template:
        metadata:
          annotations: null
          labels:
            app.kubernetes.io/instance: RELEASE-NAME
            app.kubernetes.io/name: name-override-test
        spec:
          automountServiceAccountToken: false
          containers:
            - args:
                - --graphite.listen-address=:9109
              image: prom/graphite-exporter:v0.16.0@sha256:e54bca6645ea8a9e8c52312a8540de98ad08819d38476c021d77a0eae75bc797
              imagePullPolicy: IfNotPresent
              name: main
              ports:
                - containerPort: 9109
                  name: graphite-tcp
                  protocol: TCP
                - containerPort: 9109
                  name: graphite-udp
                  protocol: UDP
                - containerPort: 9108
                  name: main
                  protocol: TCP
              resources:
                limits:
                  cpu: 2
                  memory: 2Gi
                requests:
                  cpu: 1m
                  memory: 32Mi
              securityContext:
                allowPrivilegeEscalation: false
                capabilities:
                  drop:
                    - ALL
                readOnlyRootFilesystem: true
                runAsNonRoot: true
                runAsUser: 65534
                seccompProfile:
                  type: RuntimeDefault
